# HELP pytest_tests_run_total Total number of tests run by pytest.
# TYPE pytest_tests_run_total counter
pytest_tests_run_total{test_name="test_metrics__return_expected"} 1.0
